// Jest Snapshot v1, https://goo.gl/fbAQLP

exports[`Carousel should render correctly 1`] = `
<Carousel
  captions={Array []}
  id="sample-id"
  imageUrls={
    Array [
      "https://iviidev.info/downloads/images/sample.jpg",
    ]
  }
>
  <div
    className="carousel slide"
    data-ride="carousel"
    id="imageCarousel-sample-id"
  >
    <ol
      className="carousel-indicators"
    >
      <li
        className="active"
        data-slide-to="0"
        data-target="#imageCarousel-sample-id"
        key="https://iviidev.info/downloads/images/sample.jpg"
      />
    </ol>
    <div
      className="carousel-inner"
    >
      <div
        className="carousel-item active"
        key="https://iviidev.info/downloads/images/sample.jpg"
      >
        <img
          alt="poster"
          className="d-block h-100"
          src="https://iviidev.info/downloads/images/sample.jpg"
        />
      </div>
    </div>
    <a
      className="carousel-control-prev nextPrevIcon"
      data-slide="prev"
      href="#imageCarousel-sample-id"
      role="button"
    >
      <span
        aria-hidden="true"
        className="carousel-control-prev-icon"
      />
      <span
        className="sr-only"
      >
        Previous
      </span>
    </a>
    <a
      className="carousel-control-next nextPrevIcon"
      data-slide="next"
      href="#imageCarousel-sample-id"
      role="button"
    >
      <span
        aria-hidden="true"
        className="carousel-control-next-icon"
      />
      <span
        className="sr-only"
      >
        Next
      </span>
    </a>
  </div>
</Carousel>
`;
